=== .gitignore 0644 ===
.DS_Store
.cache/
.env
.mise.local.toml
dist/
node_modules/
src-tauri/target/

=== .markdownlint-cli2.jsonc 0644 ===
{
  "config": {
    "default": true,
    "MD013": false
  },
  "globs": ["**/*.md"],
  "ignores": ["node_modules", "dist", ".cache"]
}

=== .oxfmtrc.json 0644 ===
{"printWidth":100}

=== .oxlintrc.json 0644 ===
{"categories":{"correctness":"error","suspicious":"error"}}

=== .textlintrc.json 0644 ===
{
  "rules": {
    "@textlint-ja/preset-ai-writing": true
  }
}

=== AGENTS.md 0644 ===
# AIエージェント向けガイドライン

- mise.tomlで定義したツールとタスクを使用してください。
- package.jsonへscriptsを追加しないでください。
- 依存関係は各パッケージ管理ツールで固定してください。
- 変更完了前にmise run checkを実行してください。

=== README.md 0644 ===
# demo

Arcaで生成したプロジェクトです。

## 選択内容

- 用途: App
- App: Tauri + React + Vite
- 対象プラットフォーム: macOS, iOS, Android

## miseタスク

- setup
- fmt
- fmt-check
- lint
- typecheck
- test
- security
- check
- build
- commit-check
- app:dev
- app:build
- app:dev-web
- app:build-web

`mise run <task>`でタスクを実行します。

=== index.html 0644 ===
<!doctype html>
<html lang="ja">
  <head>
    <meta charset="UTF-8" />
    <meta name="viewport" content="width=device-width, initial-scale=1.0" />
    <title>demo</title>
  </head>
  <body>
    <div id="root"></div>
    <script type="module" src="/src/main.tsx"></script>
  </body>
</html>

=== knip.json 0644 ===
{"entry":["src/main.tsx"],"ignoreDependencies":["@tauri-apps/api","@tauri-apps/cli","@textlint-ja/textlint-rule-preset-ai-writing","knip","markdownlint-cli2","oxfmt","oxlint","textlint","typescript"]}

=== lefthook.yml 0644 ===
commit-msg:
  commands:
    conventional:
      run: mise run commit-check -- {1}

pre-commit:
  commands:
    fmt:
      run: mise run fmt-check
    lint:
      run: mise run lint

pre-push:
  commands:
    test:
      run: mise run test

=== mise.toml 0644 ===
[settings]
lockfile = false

[tools]
"cocogitto" = "1.2.3"
"java" = "1.2.3"
"lefthook" = "1.2.3"
"lychee" = "1.2.3"
"node" = "1.2.3"
"osv-scanner" = "1.2.3"
"pnpm" = "1.2.3"
"rust" = { version = "1.2.3", components = ["clippy", "rustfmt"], targets = ["aarch64-apple-ios", "aarch64-apple-ios-sim", "aarch64-linux-android", "armv7-linux-androideabi", "i686-linux-android", "x86_64-apple-ios", "x86_64-linux-android"] }
"semgrep" = "1.2.3"
"trufflehog" = "1.2.3"

[tasks."setup"]
description = "依存関係をインストールする"
run = '''
set -e
pnpm install --frozen-lockfile
cargo fetch --locked --manifest-path src-tauri/Cargo.toml
if [ -e .git ]; then lefthook install; fi
'''

[tasks."fmt"]
description = "コードを整形する"
run = '''
set -e
pnpm exec oxfmt --write .
cargo fmt --manifest-path src-tauri/Cargo.toml
'''

[tasks."fmt-check"]
description = "コードが整形済みか確認する"
run = '''
set -e
pnpm exec oxfmt --check .
cargo fmt --manifest-path src-tauri/Cargo.toml -- --check
'''

[tasks."lint"]
description = "静的解析を実行する"
run = '''
set -e
pnpm exec textlint "**/*.md"
pnpm exec markdownlint-cli2
lychee --exclude-path node_modules --exclude-path dist --exclude-path .cache .
pnpm exec oxlint .
pnpm exec knip
cargo clippy --manifest-path src-tauri/Cargo.toml -- -D warnings
'''

[tasks."typecheck"]
description = "型を検査する"
run = '''
set -e
pnpm exec tsc --noEmit -p tsconfig.json
'''

[tasks."test"]
description = "テストを実行する"
run = '''
set -e
cargo test --manifest-path src-tauri/Cargo.toml
'''

[tasks."security"]
description = "セキュリティ検査を実行する"
run = '''
set -e
osv-scanner scan source -r .
trufflehog filesystem . --fail --no-update
semgrep scan --config auto .
'''

[tasks."build"]
description = "成果物をビルドする"
run = '''
set -e
pnpm exec tauri build
'''

[tasks."commit-check"]
description = "コミットメッセージを検査する"
run = '''
set -e
cog verify --file "$1"
'''

[tasks.check]
description = "全検査を実行する"
depends = ["fmt-check", "lint", "typecheck", "test", "security"]

[tasks."app:dev-web"]
description = "Desktopのフロントエンドを起動する"
run = '''
set -e
pnpm exec vite --port 1420
'''

[tasks."app:build-web"]
description = "Desktopのフロントエンドをビルドする"
run = '''
set -e
pnpm exec vite build
'''

[tasks."app:dev"]
description = "Appを起動する"
run = '''
set -e
pnpm exec tauri dev
'''

[tasks."app:build"]
description = "Appをビルドする"
run = '''
set -e
pnpm exec tauri build
'''

=== package.json 0644 ===
{
  "name": "demo",
  "private": true,
  "version": "0.1.0",
  "type": "module",
  "packageManager": "pnpm@1.2.3",
  "dependencies": {
    "@tauri-apps/api": "latest",
    "react": "latest",
    "react-dom": "latest"
  },
  "devDependencies": {
    "@tailwindcss/vite": "latest",
    "@tauri-apps/cli": "latest",
    "@textlint-ja/textlint-rule-preset-ai-writing": "latest",
    "@types/react": "latest",
    "@types/react-dom": "latest",
    "@vitejs/plugin-react": "latest",
    "knip": "latest",
    "markdownlint-cli2": "latest",
    "oxfmt": "latest",
    "oxlint": "latest",
    "tailwindcss": "latest",
    "textlint": "latest",
    "typescript": "latest",
    "vite": "latest"
  }
}

=== pnpm-workspace.yaml 0644 ===
packages:
  - "."

minimumReleaseAge: 1440
minimumReleaseAgeStrict: true
trustPolicy: no-downgrade
strictDepBuilds: true
dangerouslyAllowAllBuilds: false
blockExoticSubdeps: true

=== src-tauri/Cargo.toml 0644 ===
[package]
name = "demo"
version = "0.1.0"
edition = "2024"

[lib]
name = "demo_lib"
crate-type = ["staticlib", "cdylib", "rlib"]

[build-dependencies]
tauri-build = { version = "2", features = [] }

[dependencies]
tauri = { version = "2", features = [] }

=== src-tauri/build.rs 0644 ===
fn main() { tauri_build::build() }

=== src-tauri/capabilities/default.json 0644 ===
{
  "identifier": "default",
  "description": "Default capability",
  "windows": ["main"],
  "permissions": ["core:default"]
}

=== src-tauri/src/lib.rs 0644 ===
#[cfg_attr(mobile, tauri::mobile_entry_point)]
pub fn run() {
    tauri::Builder::default()
        .run(tauri::generate_context!())
        .expect("Tauriアプリケーションの実行に失敗しました");
}

=== src-tauri/src/main.rs 0644 ===
fn main() {
    demo_lib::run();
}

=== src-tauri/tauri.conf.json 0644 ===
{
  "$schema": "https://schema.tauri.app/config/2",
  "productName": "demo",
  "version": "0.1.0",
  "identifier": "com.ishiguro.demo",
  "build": {
    "beforeDevCommand": "mise run app:dev-web",
    "beforeBuildCommand": "mise run app:build-web",
    "devUrl": "http://localhost:1420",
    "frontendDist": "../dist/app"
  },
  "app": {
    "windows": [{ "title": "demo", "width": 1000, "height": 700 }]
  },
  "bundle": { "active": false }
}

=== src/App.tsx 0644 ===
export default function App() {
  return (
    <main className="min-h-screen p-8 font-sans">
      <h1 className="text-3xl font-bold">demo</h1>
    </main>
  );
}

=== src/index.css 0644 ===
@import "tailwindcss";

@theme inline {
  --font-sans: sans-serif;
}

body {
  margin: 0;
}

=== src/main.tsx 0644 ===
import React from "react";
import ReactDOM from "react-dom/client";
import App from "./App";
import "./index.css";

ReactDOM.createRoot(document.getElementById("root")!).render(
  <React.StrictMode><App /></React.StrictMode>,
);

=== tsconfig.json 0644 ===
{
  "compilerOptions": {
    "target": "ES2022",
    "lib": ["DOM", "DOM.Iterable", "ES2022"],
    "module": "ESNext",
    "moduleResolution": "Bundler",
    "jsx": "react-jsx",
    "strict": true,
    "noEmit": true,
    "skipLibCheck": true,
    "resolveJsonModule": true,
    "baseUrl": ".",
    "paths": { "@/*": ["./src/*"] }
  },
  "include": ["src/**/*.ts", "src/**/*.tsx", "vite.config.ts", "next.config.ts"]
}

=== vite.config.ts 0644 ===
import { defineConfig } from "vite";
import react from "@vitejs/plugin-react";
import tailwindcss from "@tailwindcss/vite";

export default defineConfig({
  plugins: [react(), tailwindcss()],
  server: { port: 1420, strictPort: true },
  build: { outDir: "dist/app" },
});

